V 4.0.0

## Pokemon Infinity
- Added Model and Animations for Egho Chikorita
- Added Model and Animations for Egho Bayleef
- Added Model and Animations for Egho Meganium
- Added Model and Animations for Egho
- Added Model and Animations for Egho

## Pokemon Insurgence
- Added Model and Animations for Mega Delta Venusaur
- Added Model and Animations for Mega Female Delta Venusaur
- Added Remodel and Animations for Delta Charizard
- Added Model and Animations for Mega Delta Charizard
- Added Model and Animations for Mega Delta Blastoise
- Added Model and Animations for Delta Pidgey
- Added Model and Animations for Delta Pidgeotto
- Added Model and Animations for Delta Treecko
- Added Model and Animations for Delta Grovyle
- Added Model and Animations for Delta Sceptile
- Added Model and Animations for Delta Larvesta
- Added Model Animations and Ride options for Delta Volcarona
- Added Model and Animations for Delta Goomy
- Added Model and Animations for Delta Sliggoo
- Added Model and Animations for Delta Goodra
- Added Model and Animations for Delta Riolu
- Added Model and Animations for Delta Lucario

## Pokemon Opalo
- Added Model and Animations for Cefiran Buneary
- Added Model and Animations for Cefiran Loppuny

## Pokemon Time Wardens
- Added Model for Epoch Helioptile
- Added Model and Animations for Epoch Oddish
- Added Model and Animations for Epoch Gloom
- Added Model and Animations for Epoch Vileplume
- Added Model and Animations for Epoch Diglett
- Added Model and Animations for Epoch Dugtrio
- Added Model and Animations for Epoch Magikarp
- Added Model and Animations for Epoch Gyarados
- Added Model and Animations for Epoch Electabuzz
- Added Model and Animations for Epoch Chinchou
- Added Model and Animations for Epoch Treecko
- Added Model and Animations for Epoch Nincada
- Added Model and Animations for Epoch Ninjask
- Added Model and Animations for Epoch Shedinja
- Added Model and Animations for Epoch Absol
- Added Model and Animations for Epoch Chimchar
- Added Model and Animations for Epoch Monferno
- Added Model and Animations for Epoch Infernape
- Added Model and Animations for Epoch Glameow
- Added Model and Animations for Epoch Purugly
- Added Model and Animations for Epoch Electivire
- Added Model and Animations for Epoch Ducklett
- Added Model and Animations for Epoch Swanna
- Added Model and Animations for Epoch Elgyem
- Added Model and Animations for Epoch Beheeyem
- Added Model and Animations for Epoch Bunnelby
- Added Model and Animations for Epoch Diggersby
- Added Model and Animations for Epoch Helioptile
- Added Model and Animations for Epoch Rockruff
- Added Model and Animations for Epoch Lycanroc
- Added Model and Animations for Epoch Grookey
- Added Model and Animations for Epoch Thwackey
- Added Model and Animations for Epoch Rillaboom
- Added Model and Animations for Epoch Gallade

## Pokemon Uranium
- Added Model and Animations for Xenomite
- Added Model and Animations for Xenogen
- Added Model and Animations for Xenoqueen

## Pokemon Vanguard
- Added Model and Animations for Ayreian Zigzagoon
- Added Model and Animations for Ayreian Linoone
- Added Model and Animations for Ayreian Obstagoon

## Pokemon Africanvs
- Added Model and Animations for Petiolis

## Atlas Collection
- Added Model and Animations for Birchee
